// Jest Snapshot v1, https://goo.gl/fbAQLP

exports[`Contact tests renders empty List without any errors 1`] = `
<DocumentFragment>
  <div
    class="item"
  >
    <div
      class="ui tiny image avatar"
    >
      <i
        aria-hidden="true"
        class="blue user circle big icon ui avatar"
      />
    </div>
    <div
      class="content"
    >
      <div
        class="header"
      >
        Username
      </div>
      <div
        class="extra"
      />
    </div>
  </div>
</DocumentFragment>
`;
