// Jest Snapshot v1, https://goo.gl/fbAQLP

exports[`OnlineStatusBanner tests renders null without any errors 1`] = `
<DocumentFragment>
  <div
    class="padded-item callForwardingMessage"
  >
    <i
      aria-hidden="true"
      class="warning sign icon"
    />
     You are currently offline. Please, check your network connection
  </div>
</DocumentFragment>
`;
